[    0.000000] Initializing cgroup subsys cpuset
[    0.000000] Initializing cgroup subsys cpu
[    0.000000] Initializing cgroup subsys cpuacct
[    0.000000] Linux version 4.4.0-210-generic (buildd@lgw01-amd64-009) (gcc version 5.4.0 20160609 (Ubuntu 5.4.0-6ubuntu1~16.04.12) ) #242-Ubuntu SMP Fri Apr 16 09:57:56 UTC 2021 (Ubuntu 4.4.0-210.242-generic 4.4.262)
[    0.000000] Command line: BOOT_IMAGE=/boot/vmlinuz-4.4.0-210-generic root=LABEL=cloudimg-rootfs ro console=tty1 console=ttyS0
[    0.000000] KERNEL supported cpus:
[    0.000000]   Intel GenuineIntel
[    0.000000]   AMD AuthenticAMD
[    0.000000]   Centaur CentaurHauls
[    0.000000] x86/fpu: Legacy x87 FPU detected.
[    0.000000] e820: BIOS-provided physical RAM map:
[    0.000000] BIOS-e820: [mem 0x0000000000000000-0x000000000009fbff] usable
[    0.000000] BIOS-e820: [mem 0x000000000009fc00-0x000000000009ffff] reserved
[    0.000000] BIOS-e820: [mem 0x00000000000f0000-0x00000000000fffff] reserved
[    0.000000] BIOS-e820: [mem 0x0000000000100000-0x000000003ffeffff] usable
[    0.000000] BIOS-e820: [mem 0x000000003fff0000-0x000000003fffffff] ACPI data
[    0.000000] BIOS-e820: [mem 0x00000000fec00000-0x00000000fec00fff] reserved
[    0.000000] BIOS-e820: [mem 0x00000000fee00000-0x00000000fee00fff] reserved
[    0.000000] BIOS-e820: [mem 0x00000000fffc0000-0x00000000ffffffff] reserved
[    0.000000] NX (Execute Disable) protection: active
[    0.000000] SMBIOS 2.5 present.
[    0.000000] Hypervisor detected: KVM
[    0.000000] e820: last_pfn = 0x3fff0 max_arch_pfn = 0x400000000
[    0.000000] MTRR: Disabled
[    0.000000] x86/PAT: MTRRs disabled, skipping PAT initialization too.
[    0.000000] CPU MTRRs all blank - virtualized system.
[    0.000000] x86/PAT: Configuration [0-7]: WB  WT  UC- UC  WB  WT  UC- UC  
[    0.000000] found SMP MP-table at [mem 0x0009fff0-0x0009ffff] mapped at [ffff88000009fff0]
[    0.000000] Scanning 1 areas for low memory corruption
[    0.000000] RAMDISK: [mem 0x362dc000-0x37165fff]
[    0.000000] ACPI: Early table checksum verification disabled
[    0.000000] ACPI: RSDP 0x00000000000E0000 000024 (v02 VBOX  )
[    0.000000] ACPI: XSDT 0x000000003FFF0030 00003C (v01 VBOX   VBOXXSDT 00000001 ASL  00000061)
[    0.000000] ACPI: FACP 0x000000003FFF00F0 0000F4 (v04 VBOX   VBOXFACP 00000001 ASL  00000061)
[    0.000000] ACPI: DSDT 0x000000003FFF0610 002353 (v02 VBOX   VBOXBIOS 00000002 INTL 20100528)
[    0.000000] ACPI: FACS 0x000000003FFF0200 000040
[    0.000000] ACPI: FACS 0x000000003FFF0200 000040
[    0.000000] ACPI: APIC 0x000000003FFF0240 000054 (v02 VBOX   VBOXAPIC 00000001 ASL  00000061)
[    0.000000] ACPI: SSDT 0x000000003FFF02A0 00036C (v01 VBOX   VBOXCPUT 00000002 INTL 20100528)
[    0.000000] No NUMA configuration found
[    0.000000] Faking a node at [mem 0x0000000000000000-0x000000003ffeffff]
[    0.000000] NODE_DATA(0) allocated [mem 0x3ffeb000-0x3ffeffff]
[    0.000000] kvm-clock: Using msrs 4b564d01 and 4b564d00
[    0.000000] kvm-clock: cpu 0, msr 0:3ffe3001, primary cpu clock
[    0.000000] kvm-clock: using sched offset of 3627801703 cycles
[    0.000000] clocksource: kvm-clock: mask: 0xffffffffffffffff max_cycles: 0x1cd42e4dffb, max_idle_ns: 881590591483 ns
[    0.000000] Zone ranges:
[    0.000000]   DMA      [mem 0x0000000000001000-0x0000000000ffffff]
[    0.000000]   DMA32    [mem 0x0000000001000000-0x000000003ffeffff]
[    0.000000]   Normal   empty
[    0.000000]   Device   empty
[    0.000000] Movable zone start for each node
[    0.000000] Early memory node ranges
[    0.000000]   node   0: [mem 0x0000000000001000-0x000000000009efff]
[    0.000000]   node   0: [mem 0x0000000000100000-0x000000003ffeffff]
[    0.000000] Initmem setup node 0 [mem 0x0000000000001000-0x000000003ffeffff]
[    0.000000] ACPI: PM-Timer IO Port: 0x4008
[    0.000000] IOAPIC[0]: apic_id 1, version 32, address 0xfec00000, GSI 0-23
[    0.000000] ACPI: INT_SRC_OVR (bus 0 bus_irq 0 global_irq 2 dfl dfl)
[    0.000000] ACPI: INT_SRC_OVR (bus 0 bus_irq 9 global_irq 9 low level)
[    0.000000] Using ACPI (MADT) for SMP configuration information
[    0.000000] smpboot: Allowing 1 CPUs, 0 hotplug CPUs
[    0.000000] PM: Registered nosave memory: [mem 0x00000000-0x00000fff]
[    0.000000] PM: Registered nosave memory: [mem 0x0009f000-0x0009ffff]
[    0.000000] PM: Registered nosave memory: [mem 0x000a0000-0x000effff]
[    0.000000] PM: Registered nosave memory: [mem 0x000f0000-0x000fffff]
[    0.000000] e820: [mem 0x40000000-0xfebfffff] available for PCI devices
[    0.000000] Booting paravirtualized kernel on KVM
[    0.000000] clocksource: refined-jiffies: mask: 0xffffffff max_cycles: 0xffffffff, max_idle_ns: 7645519600211568 ns
[    0.000000] setup_percpu: NR_CPUS:512 nr_cpumask_bits:512 nr_cpu_ids:1 nr_node_ids:1
[    0.000000] PERCPU: Embedded 33 pages/cpu @ffff88003fc00000 s95192 r8192 d31784 u2097152
[    0.000000] Built 1 zonelists in Node order, mobility grouping on.  Total pages: 257912
[    0.000000] Policy zone: DMA32
[    0.000000] Kernel command line: BOOT_IMAGE=/boot/vmlinuz-4.4.0-210-generic root=LABEL=cloudimg-rootfs ro console=tty1 console=ttyS0
[    0.000000] PID hash table entries: 4096 (order: 3, 32768 bytes)
[    0.000000] Memory: 997924K/1048120K available (8644K kernel code, 1332K rwdata, 4044K rodata, 1492K init, 1164K bss, 50196K reserved, 0K cma-reserved)
[    0.000000] SLUB: HWalign=64, Order=0-3, MinObjects=0, CPUs=1, Nodes=1
[    0.000000] Kernel/User page tables isolation: enabled
[    0.000000] Hierarchical RCU implementation.
[    0.000000] 	Build-time adjustment of leaf fanout to 64.
[    0.000000] 	RCU restricting CPUs from NR_CPUS=512 to nr_cpu_ids=1.
[    0.000000] RCU: Adjusting geometry for rcu_fanout_leaf=64, nr_cpu_ids=1
[    0.000000] NR_IRQS:33024 nr_irqs:256 16
[    0.000000] Console: colour VGA+ 80x25
[    0.000000] console [tty1] enabled
[    0.000000] console [ttyS0] enabled
[    0.000000] tsc: Detected 2208.006 MHz processor
[    0.714576] Calibrating delay loop (skipped) preset value.. 4416.01 BogoMIPS (lpj=8832024)
[    0.727442] pid_max: default: 32768 minimum: 301
[    0.732615] ACPI: Core revision 20150930
[    0.739112] ACPI: 2 ACPI AML tables successfully acquired and loaded
[    0.751039] Security Framework initialized
[    0.755628] Yama: becoming mindful.
[    0.761016] AppArmor: AppArmor initialized
[    0.769648] Dentry cache hash table entries: 131072 (order: 8, 1048576 bytes)
[    0.787972] Inode-cache hash table entries: 65536 (order: 7, 524288 bytes)
[    0.808748] Mount-cache hash table entries: 2048 (order: 2, 16384 bytes)
[    0.825161] Mountpoint-cache hash table entries: 2048 (order: 2, 16384 bytes)
[    0.843044] Initializing cgroup subsys io
[    0.853834] Initializing cgroup subsys memory
[    0.863911] Initializing cgroup subsys devices
[    0.869930] Initializing cgroup subsys freezer
[    0.878911] Initializing cgroup subsys net_cls
[    0.885132] Initializing cgroup subsys perf_event
[    0.892853] Initializing cgroup subsys net_prio
[    0.900115] Initializing cgroup subsys hugetlb
[    0.908436] Initializing cgroup subsys pids
[    0.934620] mce: CPU supports 0 MCE banks
[    0.944277] Last level iTLB entries: 4KB 64, 2MB 8, 4MB 8
[    0.956758] Last level dTLB entries: 4KB 64, 2MB 0, 4MB 0, 1GB 4
[    0.969330] Spectre V1 : Mitigation: usercopy/swapgs barriers and __user pointer sanitization
[    0.988291] Spectre V2 : Mitigation: Full generic retpoline
[    0.999826] Spectre V2 : Spectre v2 / SpectreRSB mitigation: Filling RSB on context switch
[    1.014059] Speculative Store Bypass: Vulnerable
[    1.024827] SRBDS: Unknown: Dependent on hypervisor status
[    1.036304] MDS: Mitigation: Clear CPU buffers
[    1.401343] Freeing SMP alternatives memory: 36K
[    1.574365] ftrace: allocating 32380 entries in 127 pages
[    2.616481] smpboot: APIC(0) Converting physical 0 to logical package 0
[    2.628759] smpboot: Max logical packages: 1
[    2.654466] ..TIMER: vector=0x30 apic1=0 pin1=2 apic2=-1 pin2=-1
[    2.771964] smpboot: CPU0: Intel(R) Core(TM) i7-8750H CPU @ 2.20GHz (family: 0x6, model: 0x9e, stepping: 0xa)
[    2.786317] Performance Events: unsupported p6 CPU model 158 no PMU driver, software events only.
[    2.956280] KVM setup paravirtual spinlock
[    2.963236] x86: Booted up 1 node, 1 CPUs
[    2.967783] smpboot: Total of 1 processors activated (4416.01 BogoMIPS)
[    2.977193] devtmpfs: initialized
[    2.982430] evm: security.selinux
[    2.986086] evm: security.SMACK64
[    2.989825] evm: security.SMACK64EXEC
[    2.994242] evm: security.SMACK64TRANSMUTE
[    2.999793] evm: security.SMACK64MMAP
[    3.004317] evm: security.ima
[    3.008194] evm: security.capability
[    3.012558] clocksource: jiffies: mask: 0xffffffff max_cycles: 0xffffffff, max_idle_ns: 7645041785100000 ns
[    3.024115] futex hash table entries: 256 (order: 2, 16384 bytes)
[    3.030487] pinctrl core: initialized pinctrl subsystem
[    3.036514] RTC time: 22:12:18, date: 12/29/23
[    3.041898] NET: Registered protocol family 16
[    3.047110] cpuidle: using governor ladder
[    3.051484] cpuidle: using governor menu
[    3.055686] PCCT header not found.
[    3.060368] ACPI: bus type PCI registered
[    3.064602] acpiphp: ACPI Hot Plug PCI Controller Driver version: 0.5
[    3.072269] PCI: Using configuration type 1 for base access
[    3.082019] ACPI: Added _OSI(Module Device)
[    3.088098] ACPI: Added _OSI(Processor Device)
[    3.093482] ACPI: Added _OSI(3.0 _SCP Extensions)
[    3.099465] ACPI: Added _OSI(Processor Aggregator Device)
[    3.107027] ACPI: Executed 1 blocks of module-level executable AML code
[    3.118140] ACPI: Interpreter enabled
[    3.122470] ACPI: (supports S0 S5)
[    3.126506] ACPI: Using IOAPIC for interrupt routing
[    3.132590] PCI: Using host bridge windows from ACPI; if necessary, use "pci=nocrs" and report a bug
[    3.151119] ACPI: PCI Root Bridge [PCI0] (domain 0000 [bus 00-ff])
[    3.157721] acpi PNP0A03:00: _OSC: OS supports [ASPM ClockPM Segments MSI]
[    3.166037] acpi PNP0A03:00: _OSC: not requesting OS control; OS requires [ExtendedConfig ASPM ClockPM MSI]
[    3.176726] acpi PNP0A03:00: fail to add MMCONFIG information, can't access extended PCI configuration space under this bridge.
[    3.191194] PCI host bridge to bus 0000:00
[    3.196782] pci_bus 0000:00: root bus resource [io  0x0000-0x0cf7 window]
[    3.204337] pci_bus 0000:00: root bus resource [io  0x0d00-0xffff window]
[    3.211037] pci_bus 0000:00: root bus resource [mem 0x000a0000-0x000bffff window]
[    3.219192] pci_bus 0000:00: root bus resource [mem 0x40000000-0xfdffffff window]
[    3.227094] pci_bus 0000:00: root bus resource [bus 00-ff]
[    3.240404] pci 0000:00:01.1: legacy IDE quirk: reg 0x10: [io  0x01f0-0x01f7]
[    3.248257] pci 0000:00:01.1: legacy IDE quirk: reg 0x14: [io  0x03f6]
[    3.255315] pci 0000:00:01.1: legacy IDE quirk: reg 0x18: [io  0x0170-0x0177]
[    3.263629] pci 0000:00:01.1: legacy IDE quirk: reg 0x1c: [io  0x0376]
[    3.293331] pci 0000:00:07.0: quirk: [io  0x4000-0x403f] claimed by PIIX4 ACPI
[    3.301246] pci 0000:00:07.0: quirk: [io  0x4100-0x410f] claimed by PIIX4 SMB
[    3.319948] ACPI: PCI Interrupt Link [LNKA] (IRQs 5 9 10 *11)
[    3.329299] ACPI: PCI Interrupt Link [LNKB] (IRQs 5 9 *10 11)
[    3.337437] ACPI: PCI Interrupt Link [LNKC] (IRQs 5 *9 10 11)
[    3.345653] ACPI: PCI Interrupt Link [LNKD] (IRQs 5 9 10 *11)
[    3.353791] ACPI: Enabled 2 GPEs in block 00 to 07
[    3.360708] vgaarb: setting as boot device: PCI:0000:00:02.0
[    3.387451] vgaarb: device added: PCI:0000:00:02.0,decodes=io+mem,owns=io+mem,locks=none
[    3.396123] vgaarb: loaded
[    3.399074] vgaarb: bridge control possible 0000:00:02.0
[    3.405055] SCSI subsystem initialized
[    3.409164] ACPI: bus type USB registered
[    3.413395] usbcore: registered new interface driver usbfs
[    3.419344] usbcore: registered new interface driver hub
[    3.426121] usbcore: registered new device driver usb
[    3.432144] PCI: Using ACPI for IRQ routing
[    3.437711] NetLabel: Initializing
[    3.441668] NetLabel:  domain hash size = 128
[    3.446491] NetLabel:  protocols = UNLABELED CIPSOv4
[    3.451464] NetLabel:  unlabeled traffic allowed by default
[    3.457772] amd_nb: Cannot enumerate AMD northbridges
[    3.463917] clocksource: Switched to clocksource kvm-clock
[    3.497244] AppArmor: AppArmor Filesystem Enabled
[    3.504198] pnp: PnP ACPI init
[    3.509741] pnp: PnP ACPI: found 3 devices
[    3.522176] clocksource: acpi_pm: mask: 0xffffff max_cycles: 0xffffff, max_idle_ns: 2085701024 ns
[    3.532520] NET: Registered protocol family 2
[    3.538326] TCP established hash table entries: 8192 (order: 4, 65536 bytes)
[    3.546149] TCP bind hash table entries: 8192 (order: 5, 131072 bytes)
[    3.553751] TCP: Hash tables configured (established 8192 bind 8192)
[    3.561686] UDP hash table entries: 512 (order: 2, 16384 bytes)
[    3.568130] UDP-Lite hash table entries: 512 (order: 2, 16384 bytes)
[    3.575825] NET: Registered protocol family 1
[    3.580607] pci 0000:00:00.0: Limiting direct PCI/PCI transfers
[    3.586699] pci 0000:00:01.0: Activating ISA DMA hang workarounds
[    3.593947] Unpacking initramfs...
[    3.965869] Freeing initrd memory: 14888K
[    3.972209] clocksource: tsc: mask: 0xffffffffffffffff max_cycles: 0x1fd3bdcbb82, max_idle_ns: 440795220917 ns
[    3.982500] platform rtc_cmos: registered platform RTC device (no PNP device found)
[    3.990814] Scanning for low memory corruption every 60 seconds
[    3.998055] audit: initializing netlink subsys (disabled)
[    4.003574] audit: type=2000 audit(1703887942.753:1): initialized
[    4.010106] Initialise system trusted keyring
[    4.015501] HugeTLB registered 2 MB page size, pre-allocated 0 pages
[    4.025988] zbud: loaded
[    4.029957] VFS: Disk quotas dquot_6.6.0
[    4.034894] VFS: Dquot-cache hash table entries: 512 (order 0, 4096 bytes)
[    4.043502] squashfs: version 4.0 (2009/01/31) Phillip Lougher
[    4.051684] fuse init (API version 7.23)
[    4.057568] Key type big_key registered
[    4.063410] Allocating IMA MOK and blacklist keyrings.
[    4.072326] Key type asymmetric registered
[    4.078413] Asymmetric key parser 'x509' registered
[    4.086620] Block layer SCSI generic (bsg) driver version 0.4 loaded (major 249)
[    4.098575] io scheduler noop registered
[    4.104525] io scheduler deadline registered (default)
[    4.111828] io scheduler cfq registered
[    4.116583] pci_hotplug: PCI Hot Plug PCI Core version: 0.5
[    4.123457] pciehp: PCI Express Hot Plug Controller Driver version: 0.4
[    4.131280] ACPI: AC Adapter [AC] (on-line)
[    4.135838] input: Power Button as /devices/LNXSYSTM:00/LNXPWRBN:00/input/input0
[    4.144234] ACPI: Power Button [PWRF]
[    4.150220] input: Sleep Button as /devices/LNXSYSTM:00/LNXSLPBN:00/input/input1
[    4.160924] ACPI: Sleep Button [SLPF]
[    4.168582] ACPI: Battery Slot [BAT0] (battery present)
[    4.175695] GHES: HEST is not enabled!
[    4.181776] Serial: 8250/16550 driver, 32 ports, IRQ sharing enabled
[    4.225544] 00:02: ttyS0 at I/O 0x3f8 (irq = 4, base_baud = 115200) is a 16550A
[    4.237802] Linux agpgart interface v0.103
[    4.249363] loop: module loaded
[    4.256924] scsi host0: ata_piix
[    4.261810] scsi host1: ata_piix
[    4.266450] ata1: PATA max UDMA/33 cmd 0x1f0 ctl 0x3f6 bmdma 0xd000 irq 14
[    4.275139] ata2: PATA max UDMA/33 cmd 0x170 ctl 0x376 bmdma 0xd008 irq 15
[    4.286091] libphy: Fixed MDIO Bus: probed
[    4.291824] tun: Universal TUN/TAP device driver, 1.6
[    4.298526] tun: (C) 1999-2004 Max Krasnyansky <maxk@qualcomm.com>
[    4.306220] PPP generic driver version 2.4.2
[    4.311895] ehci_hcd: USB 2.0 'Enhanced' Host Controller (EHCI) Driver
[    4.320109] ehci-pci: EHCI PCI platform driver
[    4.326349] ehci-platform: EHCI generic platform driver
[    4.332984] ohci_hcd: USB 1.1 'Open' Host Controller (OHCI) Driver
[    4.340520] ohci-pci: OHCI PCI platform driver
[    4.346509] ohci-platform: OHCI generic platform driver
[    4.352689] uhci_hcd: USB Universal Host Controller Interface driver
[    4.361045] i8042: PNP: PS/2 Controller [PNP0303:PS2K,PNP0f03:PS2M] at 0x60,0x64 irq 1,12
[    4.375562] serio: i8042 KBD port at 0x60,0x64 irq 1
[    4.381934] serio: i8042 AUX port at 0x60,0x64 irq 12
[    4.388333] mousedev: PS/2 mouse device common for all mice
[    4.397545] input: AT Translated Set 2 keyboard as /devices/platform/i8042/serio0/input/input2
[    4.409848] rtc_cmos rtc_cmos: rtc core: registered rtc_cmos as rtc0
[    4.418622] rtc_cmos rtc_cmos: alarms up to one day, 114 bytes nvram
[    4.429373] i2c /dev entries driver
[    4.434549] device-mapper: uevent: version 1.0.3
[    4.510480] device-mapper: ioctl: 4.34.0-ioctl (2015-10-28) initialised: dm-devel@redhat.com
[    4.520866] ledtrig-cpu: registered to indicate activity on CPUs
[    4.529378] NET: Registered protocol family 10
[    4.535194] NET: Registered protocol family 17
[    4.541144] Key type dns_resolver registered
[    4.546876] registered taskstats version 1
[    4.552488] Loading compiled-in X.509 certificates
[    4.558841] Loaded X.509 cert 'Build time autogenerated kernel key: cf00e047681d67edb2720680708b7d9498083038'
[    4.571007] zswap: loaded using pool lzo/zbud
[    4.579224] Key type trusted registered
[    4.589375] Key type encrypted registered
[    4.595367] AppArmor: AppArmor sha1 policy hashing enabled
[    4.601778] ima: No TPM chip found, activating TPM-bypass!
[    4.608718] ima: Allocated hash algorithm: sha1
[    4.614866] evm: HMAC attrs: 0x1
[    4.620248]   Magic number: 3:720:250
[    4.625824] rtc_cmos rtc_cmos: setting system clock to 2023-12-29 22:12:20 UTC (1703887940)
[    4.635943] BIOS EDD facility v0.16 2004-Jun-25, 0 devices found
[    4.643325] EDD information not available.
[    4.652104] Freeing unused kernel memory: 1492K
[    4.658349] Write protecting the kernel read-only data: 14336k
[    4.665641] Freeing unused kernel memory: 1584K
[    4.671526] Freeing unused kernel memory: 52K
Loading, please wait...
starting version 229
[    4.699267] random: udevadm: uninitialized urandom read (16 bytes read, 9 bits of entropy available)
[    4.710715] random: systemd-udevd: uninitialized urandom read (16 bytes read, 9 bits of entropy available)
[    4.723116] random: systemd-udevd: uninitialized urandom read (16 bytes read, 9 bits of entropy available)
[    4.734845] random: udevadm: uninitialized urandom read (16 bytes read, 9 bits of entropy available)
[    4.746231] random: systemd-udevd: uninitialized urandom read (16 bytes read, 9 bits of entropy available)
[    4.769589] random: systemd-udevd: uninitialized urandom read (16 bytes read, 9 bits of entropy available)
[    4.784922] random: udevadm: uninitialized urandom read (16 bytes read, 9 bits of entropy available)
[    4.796097] random: systemd-udevd: uninitialized urandom read (16 bytes read, 9 bits of entropy available)
[    4.807022] random: udevadm: uninitialized urandom read (16 bytes read, 9 bits of entropy available)
[    4.817229] random: systemd-udevd: uninitialized urandom read (16 bytes read, 9 bits of entropy available)
[    4.927325] Fusion MPT base driver 3.04.20
[    4.932742] Copyright (c) 1999-2008 LSI Corporation
[    4.953099] e1000: Intel(R) PRO/1000 Network Driver - version 7.3.21-k8-NAPI
[    4.961083] e1000: Copyright (c) 1999-2006 Intel Corporation.
[    5.030059] SSE version of gcm_enc/dec engaged.
[    5.038296] Fusion MPT SPI Host driver 3.04.20
[    5.251631] input: ImExPS/2 Generic Explorer Mouse as /devices/platform/i8042/serio1/input/input4
[    5.793764] e1000 0000:00:03.0 eth0: (PCI:33MHz:32-bit) 02:be:82:6b:cc:1d
[    5.800943] e1000 0000:00:03.0 eth0: Intel(R) PRO/1000 Network Connection
[    5.809288] mptbase: ioc0: Initiating bringup
[    5.890831] ioc0: LSI53C1030 A0: Capabilities={Initiator}
[    6.075134] scsi host2: ioc0: LSI53C1030 A0, FwRev=00000000h, Ports=1, MaxQ=256, IRQ=20
[    6.200278] scsi 2:0:0:0: Direct-Access     VBOX     HARDDISK         1.0  PQ: 0 ANSI: 5
[    6.209234] scsi target2:0:0: Beginning Domain Validation
[    6.223281] scsi target2:0:0: Domain Validation skipping write tests
[    6.230091] scsi target2:0:0: Ending Domain Validation
[    6.253299] scsi target2:0:0: asynchronous
[    6.277316] scsi 2:0:1:0: Direct-Access     VBOX     HARDDISK         1.0  PQ: 0 ANSI: 5
[    6.294580] scsi target2:0:1: Beginning Domain Validation
[    6.403781] scsi target2:0:1: Domain Validation skipping write tests
[    6.410663] scsi target2:0:1: Ending Domain Validation
[    6.435745] scsi target2:0:1: asynchronous
[    6.628614] sd 2:0:0:0: Attached scsi generic sg0 type 0
[    6.634912] sd 2:0:0:0: [sda] 83886080 512-byte logical blocks: (42.9 GB/40.0 GiB)
[    6.645136] sd 2:0:1:0: [sdb] 20480 512-byte logical blocks: (10.5 MB/10.0 MiB)
[    6.653466] sd 2:0:1:0: Attached scsi generic sg1 type 0
[    6.670779] sd 2:0:0:0: [sda] Write Protect is off
[    6.676415] sd 2:0:1:0: [sdb] Write Protect is off
[    6.692250] sd 2:0:0:0: [sda] Incomplete mode parameter data
[    6.698651] sd 2:0:0:0: [sda] Assuming drive cache: write through
[    6.706159] sd 2:0:1:0: [sdb] Incomplete mode parameter data
[    6.716544] sd 2:0:1:0: [sdb] Assuming drive cache: write through
[    6.754872]  sda: sda1
[    6.762843] sd 2:0:0:0: [sda] Attached SCSI disk
[    6.796759] sd 2:0:1:0: [sdb] Attached SCSI disk
[    7.106192] e1000 0000:00:08.0 eth1: (PCI:33MHz:32-bit) 08:00:27:b6:9f:8c
[    7.113671] e1000 0000:00:08.0 eth1: Intel(R) PRO/1000 Network Connection
[    7.123197] e1000 0000:00:08.0 enp0s8: renamed from eth1
[    7.130890] e1000 0000:00:03.0 enp0s3: renamed from eth0
Begin: Loading essential drivers ... [    8.712378] md: linear personality registered for level -1
[    8.722274] md: multipath personality registered for level -4
[    8.732449] md: raid0 personality registered for level 0
[    8.749948] md: raid1 personality registered for level 1
[    8.824573] raid6: sse2x1   gen() 11529 MB/s
[    8.900575] raid6: sse2x1   xor()  9387 MB/s
[    8.976009] raid6: sse2x2   gen() 14675 MB/s
[    9.052073] raid6: sse2x2   xor() 10591 MB/s
[    9.124081] raid6: sse2x4   gen() 15387 MB/s
[    9.199989] raid6: sse2x4   xor() 11119 MB/s
[    9.205304] raid6: using algorithm sse2x4 gen() 15387 MB/s
[    9.211193] raid6: .... xor() 11119 MB/s, rmw enabled
[    9.216713] raid6: using ssse3x2 recovery algorithm
[    9.224381] xor: measuring software checksum speed
[    9.335964]    prefetch64-sse: 49561.000 MB/sec
[    9.442042]    generic_sse: 44929.000 MB/sec
[    9.447959] xor: using function: prefetch64-sse (49561.000 MB/sec)
[    9.456940] async_tx: api initialized (async)
[    9.503546] md: raid6 personality registered for level 6
[    9.509355] md: raid5 personality registered for level 5
[    9.515442] md: raid4 personality registered for level 4
[    9.538571] md: raid10 personality registered for level 10
done.
Begin: Running /scripts/init-premount ... done.
Begin: Mounting root file system ... Begin: Running /scripts/local-top ... done.
Begin: Running /scripts/local-premount ... [    9.669239] Btrfs loaded
Scanning for Btrfs filesystems
done.
Warning: fsck not present, so skipping root file system
[    9.730590] EXT4-fs (sda1): mounted filesystem with ordered data mode. Opts: (null)
done.
Begin: Running /scripts/local-bottom ... done.
Begin: Running /scripts/init-bottom ... done.
[    9.907172] systemd[1]: systemd 229 running in system mode. (+PAM +AUDIT +SELINUX +IMA +APPARMOR +SMACK +SYSVINIT +UTMP +LIBCRYPTSETUP +GCRYPT +GNUTLS +ACL +XZ -LZ4 +SECCOMP +BLKID +ELFUTILS +KMOD -IDN)
[    9.926814] systemd[1]: Detected virtualization oracle.
[    9.933852] systemd[1]: Detected architecture x86-64.

Welcome to [1mUbuntu 16.04.7 LTS[0m!

[    9.954466] systemd[1]: Set hostname to <ubuntu>.
[    9.967038] systemd[1]: Initializing machine ID from random generator.
[    9.975122] systemd[1]: Installed transient /etc/machine-id file.
[   10.235537] systemd[1]: Reached target System Time Synchronized.
[[0;32m  OK  [0m] Reached target System Time Synchronized.
[   10.250343] systemd[1]: Listening on LVM2 poll daemon socket.
[[0;32m  OK  [0m] Listening on LVM2 poll daemon socket.
[   10.263782] systemd[1]: Reached target Encrypted Volumes.
[[0;32m  OK  [0m] Reached target Encrypted Volumes.
[   10.277172] systemd[1]: Reached target Swap.
[[0;32m  OK  [0m] Reached target Swap.
[   10.289284] systemd[1]: Listening on udev Control Socket.
[[0;32m  OK  [0m] Listening on udev Control Socket.
[   10.302878] systemd[1]: Started Forward Password Requests to Wall Directory Watch.
[[0;32m  OK  [0m] Started Forward Password Requests to Wall Directory Watch.
[   10.320167] systemd[1]: Created slice User and Session Slice.
[[0;32m  OK  [0m] Created slice User and Session Slice.
[   10.334438] systemd[1]: Listening on udev Kernel Socket.
[[0;32m  OK  [0m] Listening on udev Kernel Socket.
[   10.348145] systemd[1]: Created slice System Slice.
[[   10.355767] random: nonblocking pool is initialized
[0;32m  OK  [0m] Created slice System Slice.
[   10.366920] systemd[1]: Listening on Syslog Socket.
[[0;32m  OK  [0m] Listening on Syslog Socket.
[   10.379413] systemd[1]: Reached target Slices.
[[0;32m  OK  [0m] Reached target Slices.
[   10.392624] systemd[1]: Listening on Journal Socket.
[[0;32m  OK  [0m] Listening on Journal Socket.
[   10.405266] systemd[1]: Starting Create list of required static device nodes for the current kernel...
         Starting Create list of required st... nodes for the current kernel...
[   10.429077] systemd[1]: Starting Uncomplicated firewall...
         Starting Uncomplicated firewall...
[   10.445636] systemd[1]: Starting Nameserver information manager...
         Starting Nameserver information manager...
[   10.461012] systemd[1]: Starting Set console keymap...
         Starting Set console keymap...
[   10.485503] systemd[1]: Mounting Huge Pages File System...
         Mounting Huge Pages File System...
[   10.513779] systemd[1]: Listening on Journal Audit Socket.
[[0;32m  OK  [0m] Listening on Journal Audit Socket.
[   10.548129] systemd[1]: Mounting Debug File System...
         Mounting Debug File System...
[   10.576132] systemd[1]: Listening on /dev/initctl Compatibility Named Pipe.
[[0;32m  OK  [0m] Listening on /dev/initctl Compatibility Named Pipe.
[   10.597527] systemd[1]: Starting Load Kernel Modules...
         Starting Load Kernel Modules...
[   10.619205] systemd[1]: Listening on Device-mapper event daemon FIFOs.
[[0;32m  OK  [0m] Listening on Device-mapper event daemon FIFOs.
[   10.647049] systemd[1]: Reached target User and Group Name Lookups.
[   10.654513] Loading iSCSI transport class v2.0-870.
[[0;32m  OK  [0m] Reached target User and Group Name Lookups.
[   10.674913] systemd[1]: Set up automount Arbitrary Executable File Formats File System Automount Point.
[   10.689301] iscsi: registered transport (tcp)
[[0;32m  OK  [0m] Set up automount Arbitrary Executab...ats File System Automount Point.
[   10.720261] systemd[1]: Mounting POSIX Message Queue File System...
         Mounting POSIX Message Queue File System...
[   10.749614] systemd[1]: Listening on Journal Socket (/dev/log).
[[0;32m  OK  [0m] Listening on Journal Socket (/dev/log).
[   10.776849] systemd[1]: Starting Journal Service...
         Starting Journal Service...
[   10.801407] systemd[1]: Listening on LVM2 metadata daemon socket.
[[0;32m  OK  [0m] Listening on LVM2 metadata daemon socket.
[   10.835460] systemd[1]: Starting Monitoring of LVM2 mirrors, snapshots etc. using dmeventd or progress polling...
[   10.847092] iscsi: registered transport (iser)
         Starting Monitoring of LVM2 mirrors... dmeventd or progress polling...
[   10.869280] systemd[1]: Created slice system-serial\x2dgetty.slice.
[[0;32m  OK  [0m] Created slice system-serial\x2dgetty.slice.
[   10.887592] systemd[1]: Listening on fsck to fsckd communication Socket.
[[0;32m  OK  [0m] Listening on fsck to fsckd communication Socket.
[   10.903666] systemd[1]: Starting File System Check on Root Device...
         Starting File System Check on Root Device...
[   10.927796] systemd[1]: Started Trigger resolvconf update for networkd DNS.
[[0;32m  OK  [0m] Started Trigger resolvconf update for networkd DNS.
[   10.952751] systemd[1]: Mounted Huge Pages File System.
[[0;32m  OK  [0m] Mounted Huge Pages File System.
[   10.969320] systemd[1]: Mounted POSIX Message Queue File System.
[[0;32m  OK  [0m] Mounted POSIX Message Queue File System.
[   10.983583] systemd[1]: Mounted Debug File System.
[[0;32m  OK  [0m] Mounted Debug File System.
[   10.996509] systemd[1]: Started Journal Service.
[[0;32m  OK  [0m] Started Journal Service.
[[0;32m  OK  [0m] Started Create list of required sta...ce nodes for the current kernel.
[[0;32m  OK  [0m] Started Uncomplicated firewall.
[[0;32m  OK  [0m] Started Set console keymap.
[[0;32m  OK  [0m] Started Load Kernel Modules.
[[0;32m  OK  [0m] Started File System Check on Root Device.
[[0;32m  OK  [0m] Started Nameserver information manager.
[[0;32m  OK  [0m] Started File System Check Daemon to report status.
[[0;32m  OK  [0m] Started LVM2 metadata daemon.
         Starting Remount Root and Kernel File Systems...[   11.155033] EXT4-fs (sda1): re-mounted. Opts: (null)

         Mounting FUSE Control File System...
         Starting Apply Kernel Variables...
         Starting Create Static Device Nodes in /dev...
[[0;32m  OK  [0m] Mounted FUSE Control File System.
[[0;32m  OK  [0m] Started Remount Root and Kernel File Systems.
[[0;32m  OK  [0m] Started Apply Kernel Variables.
[[0;32m  OK  [0m] Started Create Static Device Nodes in /dev.
         Starting udev Kernel Device Manager...
         Starting udev Coldplug all Devices...
         Starting Flush Journal to Persistent Storage...
         Starting Load/Save Random Seed...
[[0;32m  OK  [0m] Started Load/Save Random Seed.
[[0;32m  OK  [0m] Started Monitoring of LVM2 mirrors,...ng dmeventd or progress polling.
[[0;32m  OK  [0m] Started Flush Journal to Persistent Storage.
[[0;32m  OK  [0m] Reached target Local File Systems (Pre).
[[0;32m  OK  [0m] Reached target Local File Systems.
         Starting Initial cloud-init job (pre-networking)...
         Starting Tell Plymouth To Write Out Runtime Data...
         Starting Set console font and keymap...
         Starting Create Volatile Files and Directories...
         Starting LSB: AppArmor initialization...
         Starting Commit a transient machine-id on disk...
[[0;32m  OK  [0m] Started udev Kernel Device Manager.
[[0;32m  OK  [0m] Started Tell Plymouth To Write Out Runtime Data.
[[0;32m  OK  [0m] Started Commit a transient machine-id on disk.
[[0;32m  OK  [0m] Started Create Volatile Files and Directories.
         Starting Update UTMP about System Boot/Shutdown...
[[0;32m  OK  [0m] Started Update UTMP about System Boot/Shutdown.
[[0;32m  OK  [0m] Started udev Coldplug all Devices.
[[0;32m  OK  [0m] Started Dispatch Password Requests to Console Directory Watch.
[[0;32m  OK  [0m] Found device /dev/ttyS0.
[[0;32m  OK  [0m] Listening on Load/Save RF Kill Switch Status /dev/rfkill Watch.
[   12.763802] cloud-init[497]: Cloud-init v. 21.1-19-gbad84ad4-0ubuntu1~16.04.2 running 'init-local' at Fri, 29 Dec 2023 22:12:29 +0000. Up 11.98 seconds.
[[0;32m  OK  [0m] Started Initial cloud-init job (pre-networking).
[[0;32m  OK  [0m] Started LSB: AppArmor initialization.
         Starting Load AppArmor profiles managed internally by snapd...
[[0;32m  OK  [0m] Reached target Network (Pre).
         Starting Raise network interfaces...
[[0;32m  OK  [0m] Started Set console font and keymap.
[[0;32m  OK  [0m] Started Load AppArmor profiles managed internally by snapd.
[[0;32m  OK  [0m] Created slice system-getty.slice.
[[0;32m  OK  [0m] Started Raise network interfaces.
[[0;32m  OK  [0m] Reached target Network.
         Starting Initial cloud-init job (metadata service crawler)...
[   14.742096] cloud-init[965]: Cloud-init v. 21.1-19-gbad84ad4-0ubuntu1~16.04.2 running 'init' at Fri, 29 Dec 2023 22:12:32 +0000. Up 14.21 seconds.
[   14.763254] cloud-init[965]: ci-info: ++++++++++++++++++++++++++++++++++++++Net device info+++++++++++++++++++++++++++++++++++++++
[   14.788811] cloud-init[965]: ci-info: +--------+-------+----------------------------+---------------+--------+-------------------+
[   14.803186] cloud-init[965]: [[0;32m  OK  [0m] Started Initial cloud-init job (metadata service crawler).ci-info: | Device |   Up  |          Address           |      Mask     | Scope  |     Hw-Address    |
[[0;32m  OK  [0m
[   14.821616] cloud-init[965]: ] Reached target System Initialization.
[ci-info: +--------+-------+----------------------------+---------------+--------+-------------------+[0;32m  OK  [0m] Started Daily Cleanup of Temporary Directories.

[   14.837800] cloud-init[965]: ci-info: | enp0s3 |  True |         10.0.2.15          | 255.255.255.0 | global | 02:be:82:6b:cc:1d |
[[0;32m  OK  [0m] Started ACPI Events Check.
[[0;32m  OK  [0m[   14.853187] cloud-init[965]: ci-info: | enp0s3 |  True | fe80::be:82ff:fe6b:cc1d/64 |       .       |  link  | 02:be:82:6b:cc:1d |] Reached target Paths.
[[0;32m  OK  [0m
[   14.865527] cloud-init[965]: ] Started Message of the Day.
[[0;32m  OK  [0mci-info: | enp0s8 | False |             .              |       .       |   .    | 08:00:27:b6:9f:8c |
[   14.877638] cloud-init[965]: ] Listening on UUID daemon activation socket.
[ci-info: |   lo   |  True |         127.0.0.1          |   255.0.0.0   |  host  |         .         |[0;32m  OK  [0m] Listening on D-Bus System Message Bus Socket.
[   14.893292] cloud-init[965]: ci-info: |   lo   |  True |          ::1/128           |       .       |  host  |         .         |
[[0;32m  OK  [0m] Listening on ACPID Listen Socket.
         Starting Socket activation for snappy daemon.
[   14.909652] cloud-init[965]: 
[[0;32m  OK  [0m] Started Daily apt download activities.ci-info: +--------+-------+----------------------------+---------------+--------+-------------------+
[   14.922212] cloud-init
[[0;32m  OK  [0m] Started Daily apt upgrade and clean activities.[965]: ci-info: +++++++++++++++++++++++++++Route IPv4 info++++++++++++++++++++++++++++
[[0;32m  OK  [0m
[   14.937803] cloud-init[965]: ] Started Ubuntu Advantage update messaging.
ci-info: +-------+-------------+----------+---------------+-----------+-------+
[[0;32m  OK  [0m] Reached target Timers.[   14.952922] cloud-init[965]: ci-info: | Route | Destination | Gateway  |    Genmask    | Interface | Flags |

         Starting LXD - unix socket.
[   14.964956] cloud-init[965]: ci-info: +-------+-------------+----------+---------------+-----------+-------+[[0;32m  OK  [0m] Reached target Network is Online.
[   14.977563] cloud-init[965]: 
         ci-info: |   0   |   0.0.0.0   | 10.0.2.2 |    0.0.0.0    |   enp0s3  |   UG  |Starting iSCSI initiator daemon (iscsid)...
[[0;32m  OK  [0m] Reached target Cloud-config availability.
[   15.005747] cloud-init
[[0;32m  OK  [0m] [965]: Listening on Socket activation for snappy daemon.
ci-info: |   1   |   10.0.2.0  | 0.0.0.0  | 255.255.255.0 |   enp0s3  |   U   |[[0;32m  OK  [0m] Listening on LXD - unix socket.

[[0;32m  OK  [0m] Reached target Sockets.[   15.046670] cloud-init[965]: ci-info: +-------+-------------+----------+---------------+-----------+-------+
[[0;32m  OK  [0m] Reached target Basic System.

[   15.061260] cloud-init[965]: ci-info: +++++++++++++++++++Route IPv6 info+++++++++++++++++++         Starting LSB: Record successful boot for GRUB...

[[0;32m  OK  [0m] Started D-Bus System Message Bus.[   15.082783] cloud-init
[965]: ci-info: +-------+-------------+---------+-----------+-------+
[   15.112814] cloud-init[965]: ci-info: | Route | Destination | Gateway | Interface | Flags |
[   15.125750] cloud-init[965]: ci-info: +-------+-------------+---------+-----------+-------+
[   15.138000] cloud-init[965]: ci-info: |   0   |  fe80::/64  |    ::   |   enp0s3  |   U   |
         Starting Virtualbox guest utils...
[   15.151202]          Starting Pollinate to seed the pseudo random number generator...cloud-init[965]: 
         Starting Login Service...ci-info: |   3   |   ff00::/8  |    ::   |   enp0s3  |   U   |
[[0;32m  OK  [0m] Started ACPI event daemon.
         
Starting System Logging Service...
         [   15.217081] Starting /etc/rc.local Compatibility...
cloud-init         Starting LXD - container startup/shutdown...[965]: 
[[0;32m  OK  [0m] ci-info: +-------+-------------+---------+-----------+-------+Started Deferred execution scheduler.
[[0;32m  OK  [0m] Started Regular background program processing daemon.
         Starting Accounts Service...
         Starting LSB: MD monitoring daemon...
[[0;32m  OK  [0m] Started FUSE filesystem for LXC.
         Starting Snap Daemon...
[[0;32m  OK  [0m] Started System Logging Service.
[[0;32m  OK  [0m] Started /etc/rc.local Compatibility.
[[0;32m  OK  [0m] Started iSCSI initiator daemon (iscsid).

[   15.412584] cloud-init[965]: Generating public/private rsa key pair.         Starting Login to default iSCSI targets...
[[0;32m  OK  [0m] Started Login Service.
[[0;32m  OK  [0m] Started LSB: Record successful boot for GRUB.
[[0;32m  OK  [0m] Started Unattended Upgrades Shutdown.

[[0;32m  OK  [0m] Started Login to default iSCSI targets.
[[0;32m  OK  [0m[   15.521902] ] Reached target Remote File Systems (Pre).
[[0;32m  OK  [0m] Reached target Remote File Systems.
         Starting LSB: automatic crash report generation...cloud-init
         Starting Permit User Sessions...
[965]:          Starting LSB: Set the CPU Frequency Scaling governor to "ondemand"...
         Starting LSB: daemon to balance interrupts for SMP systems...
[[0;32m  OK  [0m] Started Permit User Sessions.
Your identification has been saved in /etc/ssh/ssh_host_rsa_key.         Starting Hold until boot process finishes up...
         Starting Terminate Plymouth Boot Screen...
[[0;32m  OK  [0m] Started Hold until boot process finishes up.
[[0;32m  OK  [0m] Started Serial Getty on ttyS0.
[[0;32m  OK  [0m] Started Getty on tty1.
[[0;32m  OK  [0m] Reached target Login Prompts.
         Starting Set console scheme...
[[0;32m  OK  [0m] Started Terminate Plymouth Boot Screen.

[[0;32m  OK  [0m] Started Set console scheme.
         Starting Authenticate and Authorize Users to Run Privileged Tasks...
[[0;32m  OK  [0m[   15.766003] ] Started LSB: Set the CPU Frequency Scaling governor to "ondemand".
cloud-init[965]: Your public key has been saved in /etc/ssh/ssh_host_rsa_key.pub.[[0;32m  OK  [0m] Started LSB: MD monitoring daemon.

[[0;32m  OK  [0m] Started Authenticate and Authorize Users to Run Privileged Tasks.
[[0;32m  OK  [0m] Started Accounts Service.
[[0;32m  OK  [0m] Started LSB: daemon to balance interrupts for SMP systems.
[   15.895817] cloud-init[965]: The key fingerprint is:
[[0;32m  OK  [0m[   15.962005] ] Started LSB: automatic crash report generation.
cloud-init[965]: SHA256:OEfSqYjr+m0EbT0u1HoCxUw619CwD4DIQnO6DpugxOM root@ubuntu-xenial
[   16.041430] cloud-init[[0;32m  OK  [0m] [965]: The key's randomart image is:
Started LXD - container startup/shutdown.
[   16.113284] cloud-init[965]: +---[RSA 2048]----+
[   16.153296] cloud-init[965]: [[0;32m  OK  [0m] Started Virtualbox guest utils.
|++.=+o           |
[   16.211455] cloud-init[965]: |+.+o++.. .       |
[   16.263460] cloud-init[965]: |..oo+oo +        |
[   16.301926] cloud-init[965]: |. +++++=         |
[   16.341376] cloud-init[965]: |o=.=.o=.S        |
[   16.363773] cloud-init[965]: |Bo..= oo         |
[   16.393155] cloud-init[965]: |+E.. +           |
[   16.417024] cloud-init[965]: | . ..            |
[   16.443642] cloud-init[965]: |.oo..            |
[   16.482454] cloud-init[965]: +----[SHA256]-----+
[   16.503769] cloud-init[965]: Generating public/private dsa key pair.
[   16.554768] cloud-init[965]: Your identification has been saved in /etc/ssh/ssh_host_dsa_key.
[   16.596703] cloud-init[965]: Your public key has been saved in /etc/ssh/ssh_host_dsa_key.pub.
[   16.622023] cloud-init[965]: The key fingerprint is:
[   16.643460] cloud-init[965]: SHA256:LbgjNNG2FBGF37ilIwB/YR7KTNlt6cwwea89bNitK1o root@ubuntu-xenial
[   16.665960] cloud-init[965]: The key's randomart image is:
[   16.685023] cloud-init[965]: +---[DSA 1024]----+
[[0;32m  OK  [0m] Started Snap Daemon.
         Starting Wait until snapd is fully seeded...[   16.709607] cloud-init[965]: |     o+B..       |

[   16.748928] cloud-init[965]: |  . o.X.=        |
[   16.765683] cloud-init[965]: |   *.++% +       |
[   16.788798] cloud-init[965]: |    *+oo*.+      |
[   16.817154] cloud-init[965]: |    ooo SX..     |
[   16.853066] cloud-init[965]: |   . ...*.* .    |
[   16.895222] cloud-init[965]: |    . o.Eo o     |
[   16.928420] cloud-init[965]: [[0;32m  OK  [0m] Started Pollinate to seed the pseudo random number generator.|     . o. .      |

         Starting OpenBSD Secure Shell server...[   16.962330] 
cloud-init[965]: |      .. ...     |
[   16.997028] cloud-init[965]: +----[SHA256]-----+
[[0;32m  OK  [0m] Started OpenBSD Secure Shell server.[   17.034819] cloud-init[965]: 
Generating public/private ecdsa key pair.
[   17.066076] cloud-init[965]: Your identification has been saved in /etc/ssh/ssh_host_ecdsa_key.
[   17.097674] cloud-init[965]: Your public key has been saved in /etc/ssh/ssh_host_ecdsa_key.pub.
[   17.119171] cloud-init[965]: The key fingerprint is:
[   17.135742] cloud-init[965]: SHA256:NlTS3uLNpSNWW+rPdsYy+Yp9kphoq+jvs+ipmKbGfhw root@ubuntu-xenial
[   17.166638] cloud-init[965]: The key's randomart image is:
[   17.199139] cloud-init[965]: +---[ECDSA 256]---+
[   17.224208] cloud-init[965]: |        ...      |
[   17.243307] cloud-init[965]: |         o.      |
[   17.276754] cloud-init[965]: |        .. .     |
[   17.302447] cloud-init[965]: |       .  o o o  |[[0;32m  OK  [0m] Created slice User Slice of vagrant.
         Starting User Manager for UID 1000...

[   17.357471] cloud-init[965]: [[0;32m  OK  [0m] Started Session 1 of user vagrant.
|        S. = *   |
[[0;32m  OK  [0m] Started User Manager for UID 1000.
[   17.401910] cloud-init[965]: |   E   . .+ B    |
[   17.449570] cloud-init[965]: |. . .    . + + + |
[   17.495232] cloud-init[965]: | o.=   +. o ++B =|
[   17.539738] cloud-init[965]: |+++ .+*o==...o=X.|
[   17.563440] cloud-init[965]: +----[SHA256]-----+
[   17.595047] cloud-init[965]: Generating public/private ed25519 key pair.
[   17.652956] cloud-init[965]: Your identification has been saved in /etc/ssh/ssh_host_ed25519_key.
[   17.684813] cloud-init[965]: Your public key has been saved in /etc/ssh/ssh_host_ed25519_key.pub.
[   17.760083] cloud-init[965]: The key fingerprint is:
[   17.768035] cloud-init[965]: SHA256:ohDFI8zjhnFOTE+I1J/10a71zlvMJYV/KPffvqP1x6U root@ubuntu-xenial
[   17.813710] cloud-init[965]: The key's randomart image is:
[   17.841448] cloud-init[965]: +--[ED25519 256]--+
[   17.862727] cloud-init[965]: |.Booo     .      |
[   17.876836] cloud-init[965]: |o X=o  . . .   . |
[   17.891143] cloud-init[965]: | B.oo.o . o   . .|
[   17.909467] cloud-init[965]: |. +. o   . o   + |
[   17.925977] cloud-init[965]: | ..   . S o o + +|
[   17.940980] cloud-init[965]: |   . . . .   +oo+|
[   17.961182] cloud-init[965]: |    .       o  Bo|
[   17.978407] cloud-init[965]: |             oE.*|
[   17.997780] cloud-init[965]: |             oooO|
[   18.012553] cloud-init[965]: +----[SHA256]-----+
[[0;32m  OK  [0m] Started Wait until snapd is fully seeded.
         Starting Apply the settings specified in cloud-config...
[[0;32m  OK  [0m] Reached target Multi-User System.
[[0;32m  OK  [0m] Reached target Graphical Interface.
         Starting Update UTMP about System Runlevel Changes...
[[0;32m  OK  [0m] Started Update UTMP about System Runlevel Changes.
[   20.943439] cloud-init[1445]: Generating locales (this might take a while)...

Ubuntu 16.04.7 LTS ubuntu-xenial ttyS0

ubuntu-xenial login: [   22.286537] cloud-init[1445]:   en_US.UTF-8... done
[   22.300886] cloud-init[1445]: Generation complete.
[   22.673930] cloud-init[1445]: Cloud-init v. 21.1-19-gbad84ad4-0ubuntu1~16.04.2 running 'modules:config' at Fri, 29 Dec 2023 22:12:38 +0000. Up 20.64 seconds.
ci-info: no authorized SSH keys fingerprints found for user ubuntu.
<14>Dec 29 22:12:41 ec2: 
<14>Dec 29 22:12:41 ec2: #############################################################
<14>Dec 29 22:12:41 ec2: -----BEGIN SSH HOST KEY FINGERPRINTS-----
<14>Dec 29 22:12:41 ec2: 1024 SHA256:LbgjNNG2FBGF37ilIwB/YR7KTNlt6cwwea89bNitK1o root@ubuntu-xenial (DSA)
<14>Dec 29 22:12:41 ec2: 256 SHA256:NlTS3uLNpSNWW+rPdsYy+Yp9kphoq+jvs+ipmKbGfhw root@ubuntu-xenial (ECDSA)
<14>Dec 29 22:12:41 ec2: 256 SHA256:ohDFI8zjhnFOTE+I1J/10a71zlvMJYV/KPffvqP1x6U root@ubuntu-xenial (ED25519)
<14>Dec 29 22:12:41 ec2: 2048 SHA256:OEfSqYjr+m0EbT0u1HoCxUw619CwD4DIQnO6DpugxOM root@ubuntu-xenial (RSA)
<14>Dec 29 22:12:41 ec2: -----END SSH HOST KEY FINGERPRINTS-----
<14>Dec 29 22:12:41 ec2: #############################################################
-----BEGIN SSH HOST KEY KEYS-----
ecdsa-sha2-nistp256 AAAAE2VjZHNhLXNoYTItbmlzdHAyNTYAAAAIbmlzdHAyNTYAAABBBA/kV3SY2AEjod/aAPivuNW9PEpRkYlrFJsvvQ3XlBuys/CaBZPh2JCBjm8LK29EMTzKtMZhPw64dBFdkMcpvZg= root@ubuntu-xenial
ssh-ed25519 AAAAC3NzaC1lZDI1NTE5AAAAIA6y2PC/1oJyNhikyXJdWe4nKljZjD/wIcqxgmVSpqBe root@ubuntu-xenial
ssh-rsa AAAAB3NzaC1yc2EAAAADAQABAAABAQDgeSgf8mzb3eyE+d8wP3qYY85EzoDvfbG4ijn6VYtSlr6+52b9LSbmqxn2f+qCGxe1XBT9DkEMCJJ7Tum4oAspEASPYacikLUz1D5gADg/+fSbYJ4I+1KY2pO4t8uWelQaiir/6Vqkn6jbV1YIJ/lKfv9joZib2vFajPTO+ICwrbAFvMSNEl4Jhm+dwavsFD1lCOfHzMdpjj6oLlBqTd0HPRbNIdSwsHM1ZpyLu94l71QK0luXX0R5oNUn+SL6ZDMXLp+zv5Uj/HJL65yTbFAKIMSrWEhBm1kdokS9f+MFUUtsCiC5acxtrjQLGYLVoWfYhprqwqPpqhg5peu17+YX root@ubuntu-xenial
-----END SSH HOST KEY KEYS-----
[   23.251524] cloud-init[1592]: Cloud-init v. 21.1-19-gbad84ad4-0ubuntu1~16.04.2 running 'modules:final' at Fri, 29 Dec 2023 22:12:40 +0000. Up 23.01 seconds.
[   23.270719] cloud-init[1592]: ci-info: no authorized SSH keys fingerprints found for user ubuntu.
[   23.297650] cloud-init[1592]: Cloud-init v. 21.1-19-gbad84ad4-0ubuntu1~16.04.2 finished at Fri, 29 Dec 2023 22:12:41 +0000. Datasource DataSourceNoCloud [seed=/dev/sdb][dsmode=net].  Up 23.24 seconds
